> Task :app:preBuild UP-TO-DATE
> Task :app:preDebugBuild UP-TO-DATE
> Task :app:mergeDebugNativeDebugMetadata NO-SOURCE
> Task :app:checkKotlinGradlePluginConfigurationErrors SKIPPED
> Task :app:checkDebugAarMetadata UP-TO-DATE
> Task :app:processDebugNavigationResources UP-TO-DATE
> Task :app:compileDebugNavigationResources UP-TO-DATE
> Task :app:generateDebugResValues UP-TO-DATE
> Task :app:processDebugGoogleServices UP-TO-DATE
> Task :app:mapDebugSourceSetPaths UP-TO-DATE
> Task :app:generateDebugResources UP-TO-DATE
> Task :app:mergeDebugResources UP-TO-DATE
> Task :app:packageDebugResources UP-TO-DATE
> Task :app:parseDebugLocalResources UP-TO-DATE
> Task :app:createDebugCompatibleScreenManifests UP-TO-DATE
> Task :app:extractDeepLinksDebug UP-TO-DATE
> Task :app:processDebugMainManifest UP-TO-DATE
> Task :app:processDebugManifest UP-TO-DATE
> Task :app:processDebugManifestForPackage UP-TO-DATE
> Task :app:processDebugResources UP-TO-DATE
> Task :app:javaPreCompileDebug UP-TO-DATE
> Task :app:mergeDebugShaders UP-TO-DATE
> Task :app:compileDebugShaders NO-SOURCE
> Task :app:generateDebugAssets UP-TO-DATE
> Task :app:mergeDebugAssets UP-TO-DATE
> Task :app:compressDebugAssets UP-TO-DATE
> Task :app:checkDebugDuplicateClasses UP-TO-DATE
> Task :app:desugarDebugFileDependencies UP-TO-DATE
> Task :app:mergeExtDexDebug UP-TO-DATE
> Task :app:mergeLibDexDebug UP-TO-DATE
> Task :app:mergeDebugJniLibFolders UP-TO-DATE
> Task :app:mergeDebugNativeLibs UP-TO-DATE
> Task :app:stripDebugDebugSymbols UP-TO-DATE
> Task :app:validateSigningDebug UP-TO-DATE
> Task :app:writeDebugAppMetadata UP-TO-DATE
> Task :app:writeDebugSigningConfigVersions UP-TO-DATE

> Task :app:compileDebugKotlin FAILED
.\gradlew : e: file:///
C:/Users/Kaveesha/Downl
oads/LankaSmartMartFina
l/LankaSmartMart1/Lanka
SmartMart/app/src/main/
java/com/example/lankas
martmart/utils/UserSess
ionManager.kt:6:19 
Unresolved reference 
'gson'.
At line:1 char:65
+ ... tudio\jbr"; 
.\gradlew 
assembleDebug 
--stacktrace > 
build_errors.txt 2 ...
+                 ~~~~~
~~~~~~~~~~~~~~~~~~~~~~~
~~~~~~~~~~~~~~~~~~~~~~~
~~~~~~
    + CategoryInfo     
         : NotSpecifi  
  ed: (e: file:///C:   
 /U...ference 'gson    
'.:String) [], Rem    
oteException
    + FullyQualifiedEr 
   rorId : NativeComm  
  andError
 
e: file:///C:/Users/Kav
eesha/Downloads/LankaSm
artMartFinal/LankaSmart
Mart1/LankaSmartMart/ap
p/src/main/java/com/exa
mple/lankasmartmart/uti
ls/UserSessionManager.k
t:13:24 Unresolved 
reference 'Gson'.
e: file:///C:/Users/Kav
eesha/Downloads/LankaSm
artMartFinal/LankaSmart
Mart1/LankaSmartMart/ap
p/src/main/java/com/exa
mple/lankasmartmart/vie
wmodel/ShopViewModel.kt
:212:17 Argument 
already passed for 
this parameter.

FAILURE: Build failed 
with an exception.

* What went wrong:
Execution failed for 
task ':app:compileDebug
Kotlin'.
> A failure occurred 
while executing org.jet
brains.kotlin.compilerR
unner.GradleCompilerRun
nerWithWorkers$GradleKo
tlinCompilerWorkAction
   > Compilation 
error. See log for 
more details

* Try:
> Run with --info or 
--debug option to get 
more log output.
> Run with --scan to 
get full insights.
> Get more help at http
s://help.gradle.org.

* Exception is:
org.gradle.api.tasks.Ta
skExecutionException: 
Execution failed for 
task ':app:compileDebug
Kotlin'.
	at org.gradle.api.inte
rnal.tasks.execution.Ex
ecuteActionsTaskExecute
r.lambda$executeIfValid
$1(ExecuteActionsTaskEx
ecuter.java:130)
	at org.gradle.internal
.Try$Failure.ifSuccessf
ulOrElse(Try.java:293)
	at org.gradle.api.inte
rnal.tasks.execution.Ex
ecuteActionsTaskExecute
r.executeIfValid(Execut
eActionsTaskExecuter.ja
va:128)
	at org.gradle.api.inte
rnal.tasks.execution.Ex
ecuteActionsTaskExecute
r.execute(ExecuteAction
sTaskExecuter.java:116)
	at org.gradle.api.inte
rnal.tasks.execution.Pr
oblemsTaskPathTrackingT
askExecuter.execute(Pro
blemsTaskPathTrackingTa
skExecuter.java:40)
	at org.gradle.api.inte
rnal.tasks.execution.Fi
nalizePropertiesTaskExe
cuter.execute(FinalizeP
ropertiesTaskExecuter.j
ava:46)
	at org.gradle.api.inte
rnal.tasks.execution.Re
solveTaskExecutionModeE
xecuter.execute(Resolve
TaskExecutionModeExecut
er.java:51)
	at org.gradle.api.inte
rnal.tasks.execution.Sk
ipTaskWithNoActionsExec
uter.execute(SkipTaskWi
thNoActionsExecuter.jav
a:57)
	at org.gradle.api.inte
rnal.tasks.execution.Sk
ipOnlyIfTaskExecuter.ex
ecute(SkipOnlyIfTaskExe
cuter.java:74)
	at org.gradle.api.inte
rnal.tasks.execution.Ca
tchExceptionTaskExecute
r.execute(CatchExceptio
nTaskExecuter.java:36)
	at org.gradle.api.inte
rnal.tasks.execution.Ev
entFiringTaskExecuter$1
.executeTask(EventFirin
gTaskExecuter.java:77)
	at org.gradle.api.inte
rnal.tasks.execution.Ev
entFiringTaskExecuter$1
.call(EventFiringTaskEx
ecuter.java:55)
	at org.gradle.api.inte
rnal.tasks.execution.Ev
entFiringTaskExecuter$1
.call(EventFiringTaskEx
ecuter.java:52)
	at org.gradle.internal
.operations.DefaultBuil
dOperationRunner$Callab
leBuildOperationWorker.
execute(DefaultBuildOpe
rationRunner.java:210)
	at org.gradle.internal
.operations.DefaultBuil
dOperationRunner$Callab
leBuildOperationWorker.
execute(DefaultBuildOpe
rationRunner.java:205)
	at org.gradle.internal
.operations.DefaultBuil
dOperationRunner$2.exec
ute(DefaultBuildOperati
onRunner.java:67)
	at org.gradle.internal
.operations.DefaultBuil
dOperationRunner$2.exec
ute(DefaultBuildOperati
onRunner.java:60)
	at org.gradle.internal
.operations.DefaultBuil
dOperationRunner.execut
e(DefaultBuildOperation
Runner.java:167)
	at org.gradle.internal
.operations.DefaultBuil
dOperationRunner.execut
e(DefaultBuildOperation
Runner.java:60)
	at org.gradle.internal
.operations.DefaultBuil
dOperationRunner.call(D
efaultBuildOperationRun
ner.java:54)
	at org.gradle.api.inte
rnal.tasks.execution.Ev
entFiringTaskExecuter.e
xecute(EventFiringTaskE
xecuter.java:52)
	at org.gradle.executio
n.plan.LocalTaskNodeExe
cutor.execute(LocalTask
NodeExecutor.java:42)
	at org.gradle.executio
n.taskgraph.DefaultTask
ExecutionGraph$InvokeNo
deExecutorsAction.execu
te(DefaultTaskExecution
Graph.java:331)
	at org.gradle.executio
n.taskgraph.DefaultTask
ExecutionGraph$InvokeNo
deExecutorsAction.execu
te(DefaultTaskExecution
Graph.java:318)
	at org.gradle.executio
n.taskgraph.DefaultTask
ExecutionGraph$BuildOpe
rationAwareExecutionAct
ion.lambda$execute$0(De
faultTaskExecutionGraph
.java:314)
	at org.gradle.internal
.operations.CurrentBuil
dOperationRef.with(Curr
entBuildOperationRef.ja
va:85)
	at org.gradle.executio
n.taskgraph.DefaultTask
ExecutionGraph$BuildOpe
rationAwareExecutionAct
ion.execute(DefaultTask
ExecutionGraph.java:314
)
	at org.gradle.executio
n.taskgraph.DefaultTask
ExecutionGraph$BuildOpe
rationAwareExecutionAct
ion.execute(DefaultTask
ExecutionGraph.java:303
)
	at org.gradle.executio
n.plan.DefaultPlanExecu
tor$ExecutorWorker.exec
ute(DefaultPlanExecutor
.java:459)
	at org.gradle.executio
n.plan.DefaultPlanExecu
tor$ExecutorWorker.run(
DefaultPlanExecutor.jav
a:376)
	at org.gradle.internal
.concurrent.ExecutorPol
icy$CatchAndRecordFailu
res.onExecute(ExecutorP
olicy.java:64)
	at org.gradle.internal
.concurrent.AbstractMan
agedExecutor$1.run(Abst
ractManagedExecutor.jav
a:48)
Caused by: org.gradle.w
orkers.internal.Default
WorkerExecutor$WorkExec
utionException: A 
failure occurred while 
executing org.jetbrains
.kotlin.compilerRunner.
GradleCompilerRunnerWit
hWorkers$GradleKotlinCo
mpilerWorkAction
	at org.gradle.workers.
internal.DefaultWorkerE
xecutor$WorkItemExecuti
on.waitForCompletion(De
faultWorkerExecutor.jav
a:287)
	at org.gradle.internal
.work.DefaultAsyncWorkT
racker.lambda$waitForIt
emsAndGatherFailures$2(
DefaultAsyncWorkTracker
.java:130)
	at org.gradle.internal
.Factories$1.create(Fac
tories.java:31)
	at org.gradle.internal
.work.DefaultWorkerLeas
eService.withoutLocks(D
efaultWorkerLeaseServic
e.java:335)
	at org.gradle.internal
.work.DefaultWorkerLeas
eService.withoutLocks(D
efaultWorkerLeaseServic
e.java:318)
	at org.gradle.internal
.work.DefaultWorkerLeas
eService.withoutLock(De
faultWorkerLeaseService
.java:323)
	at org.gradle.internal
.work.DefaultAsyncWorkT
racker.waitForItemsAndG
atherFailures(DefaultAs
yncWorkTracker.java:126
)
	at org.gradle.internal
.work.DefaultAsyncWorkT
racker.waitForItemsAndG
atherFailures(DefaultAs
yncWorkTracker.java:92)
	at org.gradle.internal
.work.DefaultAsyncWorkT
racker.waitForAll(Defau
ltAsyncWorkTracker.java
:78)
	at org.gradle.internal
.work.DefaultAsyncWorkT
racker.waitForCompletio
n(DefaultAsyncWorkTrack
er.java:66)
	at org.gradle.api.inte
rnal.tasks.execution.Ta
skExecution$3.run(TaskE
xecution.java:252)
	at org.gradle.internal
.operations.DefaultBuil
dOperationRunner$1.exec
ute(DefaultBuildOperati
onRunner.java:30)
	at org.gradle.internal
.operations.DefaultBuil
dOperationRunner$1.exec
ute(DefaultBuildOperati
onRunner.java:27)
	at org.gradle.internal
.operations.DefaultBuil
dOperationRunner$2.exec
ute(DefaultBuildOperati
onRunner.java:67)
	at org.gradle.internal
.operations.DefaultBuil
dOperationRunner$2.exec
ute(DefaultBuildOperati
onRunner.java:60)
	at org.gradle.internal
.operations.DefaultBuil
dOperationRunner.execut
e(DefaultBuildOperation
Runner.java:167)
	at org.gradle.internal
.operations.DefaultBuil
dOperationRunner.execut
e(DefaultBuildOperation
Runner.java:60)
	at org.gradle.internal
.operations.DefaultBuil
dOperationRunner.run(De
faultBuildOperationRunn
er.java:48)
	at org.gradle.api.inte
rnal.tasks.execution.Ta
skExecution.executeActi
on(TaskExecution.java:2
29)
	at org.gradle.api.inte
rnal.tasks.execution.Ta
skExecution.executeActi
ons(TaskExecution.java:
212)
	at org.gradle.api.inte
rnal.tasks.execution.Ta
skExecution.executeWith
PreviousOutputFiles(Tas
kExecution.java:195)
	at org.gradle.api.inte
rnal.tasks.execution.Ta
skExecution.execute(Tas
kExecution.java:162)
	at org.gradle.internal
.execution.steps.Execut
eStep.executeInternal(E
xecuteStep.java:105)
	at org.gradle.internal
.execution.steps.Execut
eStep.access$000(Execut
eStep.java:44)
	at org.gradle.internal
.execution.steps.Execut
eStep$1.call(ExecuteSte
p.java:59)
	at org.gradle.internal
.execution.steps.Execut
eStep$1.call(ExecuteSte
p.java:56)
	at org.gradle.internal
.operations.DefaultBuil
dOperationRunner$Callab
leBuildOperationWorker.
execute(DefaultBuildOpe
rationRunner.java:210)
	at org.gradle.internal
.operations.DefaultBuil
dOperationRunner$Callab
leBuildOperationWorker.
execute(DefaultBuildOpe
rationRunner.java:205)
	at org.gradle.internal
.operations.DefaultBuil
dOperationRunner$2.exec
ute(DefaultBuildOperati
onRunner.java:67)
	at org.gradle.internal
.operations.DefaultBuil
dOperationRunner$2.exec
ute(DefaultBuildOperati
onRunner.java:60)
	at org.gradle.internal
.operations.DefaultBuil
dOperationRunner.execut
e(DefaultBuildOperation
Runner.java:167)
	at org.gradle.internal
.operations.DefaultBuil
dOperationRunner.execut
e(DefaultBuildOperation
Runner.java:60)
	at org.gradle.internal
.operations.DefaultBuil
dOperationRunner.call(D
efaultBuildOperationRun
ner.java:54)
	at org.gradle.internal
.execution.steps.Execut
eStep.execute(ExecuteSt
ep.java:56)
	at org.gradle.internal
.execution.steps.Execut
eStep.execute(ExecuteSt
ep.java:44)
	at org.gradle.internal
.execution.steps.Cancel
ExecutionStep.execute(C
ancelExecutionStep.java
:42)
	at org.gradle.internal
.execution.steps.Timeou
tStep.executeWithoutTim
eout(TimeoutStep.java:7
5)
	at org.gradle.internal
.execution.steps.Timeou
tStep.execute(TimeoutSt
ep.java:55)
	at org.gradle.internal
.execution.steps.PreCre
ateOutputParentsStep.ex
ecute(PreCreateOutputPa
rentsStep.java:50)
	at org.gradle.internal
.execution.steps.PreCre
ateOutputParentsStep.ex
ecute(PreCreateOutputPa
rentsStep.java:28)
	at org.gradle.internal
.execution.steps.Remove
PreviousOutputsStep.exe
cute(RemovePreviousOutp
utsStep.java:67)
	at org.gradle.internal
.execution.steps.Remove
PreviousOutputsStep.exe
cute(RemovePreviousOutp
utsStep.java:37)
	at org.gradle.internal
.execution.steps.Broadc
astChangingOutputsStep.
execute(BroadcastChangi
ngOutputsStep.java:61)
	at org.gradle.internal
.execution.steps.Broadc
astChangingOutputsStep.
execute(BroadcastChangi
ngOutputsStep.java:26)
	at org.gradle.internal
.execution.steps.Captur
eOutputsAfterExecutionS
tep.execute(CaptureOutp
utsAfterExecutionStep.j
ava:69)
	at org.gradle.internal
.execution.steps.Captur
eOutputsAfterExecutionS
tep.execute(CaptureOutp
utsAfterExecutionStep.j
ava:46)
	at org.gradle.internal
.execution.steps.Resolv
eInputChangesStep.execu
te(ResolveInputChangesS
tep.java:40)
	at org.gradle.internal
.execution.steps.Resolv
eInputChangesStep.execu
te(ResolveInputChangesS
tep.java:29)
	at org.gradle.internal
.execution.steps.BuildC
acheStep.executeWithout
Cache(BuildCacheStep.ja
va:189)
	at org.gradle.internal
.execution.steps.BuildC
acheStep.lambda$execute
$1(BuildCacheStep.java:
75)
	at org.gradle.internal
.Either$Right.fold(Eith
er.java:175)
	at org.gradle.internal
.execution.caching.Cach
ingState.fold(CachingSt
ate.java:62)
	at org.gradle.internal
.execution.steps.BuildC
acheStep.execute(BuildC
acheStep.java:73)
	at org.gradle.internal
.execution.steps.BuildC
acheStep.execute(BuildC
acheStep.java:48)
	at org.gradle.internal
.execution.steps.StoreE
xecutionStateStep.execu
te(StoreExecutionStateS
tep.java:46)
	at org.gradle.internal
.execution.steps.StoreE
xecutionStateStep.execu
te(StoreExecutionStateS
tep.java:35)
	at org.gradle.internal
.execution.steps.SkipUp
ToDateStep.executeBecau
se(SkipUpToDateStep.jav
a:75)
	at org.gradle.internal
.execution.steps.SkipUp
ToDateStep.lambda$execu
te$2(SkipUpToDateStep.j
ava:53)
	at org.gradle.internal
.execution.steps.SkipUp
ToDateStep.execute(Skip
UpToDateStep.java:53)
	at org.gradle.internal
.execution.steps.SkipUp
ToDateStep.execute(Skip
UpToDateStep.java:35)
	at org.gradle.internal
.execution.steps.legacy
.MarkSnapshottingInputs
FinishedStep.execute(Ma
rkSnapshottingInputsFin
ishedStep.java:37)
	at org.gradle.internal
.execution.steps.legacy
.MarkSnapshottingInputs
FinishedStep.execute(Ma
rkSnapshottingInputsFin
ishedStep.java:27)
	at org.gradle.internal
.execution.steps.Resolv
eIncrementalCachingStat
eStep.executeDelegate(R
esolveIncrementalCachin
gStateStep.java:49)
	at org.gradle.internal
.execution.steps.Resolv
eIncrementalCachingStat
eStep.executeDelegate(R
esolveIncrementalCachin
gStateStep.java:27)
	at org.gradle.internal
.execution.steps.Abstra
ctResolveCachingStateSt
ep.execute(AbstractReso
lveCachingStateStep.jav
a:71)
	at org.gradle.internal
.execution.steps.Abstra
ctResolveCachingStateSt
ep.execute(AbstractReso
lveCachingStateStep.jav
a:39)
	at org.gradle.internal
.execution.steps.Resolv
eChangesStep.execute(Re
solveChangesStep.java:6
5)
	at org.gradle.internal
.execution.steps.Resolv
eChangesStep.execute(Re
solveChangesStep.java:3
6)
	at org.gradle.internal
.execution.steps.Valida
teStep.execute(Validate
Step.java:107)
	at org.gradle.internal
.execution.steps.Valida
teStep.execute(Validate
Step.java:56)
	at org.gradle.internal
.execution.steps.Abstra
ctCaptureStateBeforeExe
cutionStep.execute(Abst
ractCaptureStateBeforeE
xecutionStep.java:64)
	at org.gradle.internal
.execution.steps.Abstra
ctCaptureStateBeforeExe
cutionStep.execute(Abst
ractCaptureStateBeforeE
xecutionStep.java:43)
	at org.gradle.internal
.execution.steps.Abstra
ctSkipEmptyWorkStep.exe
cuteWithNonEmptySources
(AbstractSkipEmptyWorkS
tep.java:125)
	at org.gradle.internal
.execution.steps.Abstra
ctSkipEmptyWorkStep.exe
cute(AbstractSkipEmptyW
orkStep.java:61)
	at org.gradle.internal
.execution.steps.Abstra
ctSkipEmptyWorkStep.exe
cute(AbstractSkipEmptyW
orkStep.java:36)
	at org.gradle.internal
.execution.steps.legacy
.MarkSnapshottingInputs
StartedStep.execute(Mar
kSnapshottingInputsStar
tedStep.java:38)
	at org.gradle.internal
.execution.steps.LoadPr
eviousExecutionStateSte
p.execute(LoadPreviousE
xecutionStateStep.java:
36)
	at org.gradle.internal
.execution.steps.LoadPr
eviousExecutionStateSte
p.execute(LoadPreviousE
xecutionStateStep.java:
23)
	at org.gradle.internal
.execution.steps.Handle
StaleOutputsStep.execut
e(HandleStaleOutputsSte
p.java:75)
	at org.gradle.internal
.execution.steps.Handle
StaleOutputsStep.execut
e(HandleStaleOutputsSte
p.java:41)
	at org.gradle.internal
.execution.steps.Assign
MutableWorkspaceStep.la
mbda$execute$0(AssignMu
tableWorkspaceStep.java
:35)
	at org.gradle.api.inte
rnal.tasks.execution.Ta
skExecution$4.withWorks
pace(TaskExecution.java
:289)
	at org.gradle.internal
.execution.steps.Assign
MutableWorkspaceStep.ex
ecute(AssignMutableWork
spaceStep.java:31)
	at org.gradle.internal
.execution.steps.Assign
MutableWorkspaceStep.ex
ecute(AssignMutableWork
spaceStep.java:22)
	at org.gradle.internal
.execution.steps.Choose
PipelineStep.execute(Ch
oosePipelineStep.java:4
0)
	at org.gradle.internal
.execution.steps.Choose
PipelineStep.execute(Ch
oosePipelineStep.java:2
3)
	at org.gradle.internal
.execution.steps.Execut
eWorkBuildOperationFiri
ngStep.lambda$execute$2
(ExecuteWorkBuildOperat
ionFiringStep.java:67)
	at org.gradle.internal
.execution.steps.Execut
eWorkBuildOperationFiri
ngStep.execute(ExecuteW
orkBuildOperationFiring
Step.java:67)
	at org.gradle.internal
.execution.steps.Execut
eWorkBuildOperationFiri
ngStep.execute(ExecuteW
orkBuildOperationFiring
Step.java:39)
	at org.gradle.internal
.execution.steps.Identi
tyCacheStep.execute(Ide
ntityCacheStep.java:46)
	at org.gradle.internal
.execution.steps.Identi
tyCacheStep.execute(Ide
ntityCacheStep.java:34)
	at org.gradle.internal
.execution.steps.Identi
fyStep.execute(Identify
Step.java:48)
	at org.gradle.internal
.execution.steps.Identi
fyStep.execute(Identify
Step.java:35)
	at org.gradle.internal
.execution.impl.Default
ExecutionEngine$1.execu
te(DefaultExecutionEngi
ne.java:61)
	at org.gradle.api.inte
rnal.tasks.execution.Ex
ecuteActionsTaskExecute
r.executeIfValid(Execut
eActionsTaskExecuter.ja
va:127)
	at org.gradle.api.inte
rnal.tasks.execution.Ex
ecuteActionsTaskExecute
r.execute(ExecuteAction
sTaskExecuter.java:116)
	at org.gradle.api.inte
rnal.tasks.execution.Pr
oblemsTaskPathTrackingT
askExecuter.execute(Pro
blemsTaskPathTrackingTa
skExecuter.java:40)
	at org.gradle.api.inte
rnal.tasks.execution.Fi
nalizePropertiesTaskExe
cuter.execute(FinalizeP
ropertiesTaskExecuter.j
ava:46)
	at org.gradle.api.inte
rnal.tasks.execution.Re
solveTaskExecutionModeE
xecuter.execute(Resolve
TaskExecutionModeExecut
er.java:51)
	at org.gradle.api.inte
rnal.tasks.execution.Sk
ipTaskWithNoActionsExec
uter.execute(SkipTaskWi
thNoActionsExecuter.jav
a:57)
	at org.gradle.api.inte
rnal.tasks.execution.Sk
ipOnlyIfTaskExecuter.ex
ecute(SkipOnlyIfTaskExe
cuter.java:74)
	at org.gradle.api.inte
rnal.tasks.execution.Ca
tchExceptionTaskExecute
r.execute(CatchExceptio
nTaskExecuter.java:36)
	at org.gradle.api.inte
rnal.tasks.execution.Ev
entFiringTaskExecuter$1
.executeTask(EventFirin
gTaskExecuter.java:77)
	at org.gradle.api.inte
rnal.tasks.execution.Ev
entFiringTaskExecuter$1
.call(EventFiringTaskEx
ecuter.java:55)
	at org.gradle.api.inte
rnal.tasks.execution.Ev
entFiringTaskExecuter$1
.call(EventFiringTaskEx
ecuter.java:52)
	at org.gradle.internal
.operations.DefaultBuil
dOperationRunner$Callab
leBuildOperationWorker.
execute(DefaultBuildOpe
rationRunner.java:210)
	at org.gradle.internal
.operations.DefaultBuil
dOperationRunner$Callab
leBuildOperationWorker.
execute(DefaultBuildOpe
rationRunner.java:205)
	at org.gradle.internal
.operations.DefaultBuil
dOperationRunner$2.exec
ute(DefaultBuildOperati
onRunner.java:67)
	at org.gradle.internal
.operations.DefaultBuil
dOperationRunner$2.exec
ute(DefaultBuildOperati
onRunner.java:60)
	at org.gradle.internal
.operations.DefaultBuil
dOperationRunner.execut
e(DefaultBuildOperation
Runner.java:167)
	at org.gradle.internal
.operations.DefaultBuil
dOperationRunner.execut
e(DefaultBuildOperation
Runner.java:60)
	at org.gradle.internal
.operations.DefaultBuil
dOperationRunner.call(D
efaultBuildOperationRun
ner.java:54)
	at org.gradle.api.inte
rnal.tasks.execution.Ev
entFiringTaskExecuter.e
xecute(EventFiringTaskE
xecuter.java:52)
	at org.gradle.executio
n.plan.LocalTaskNodeExe
cutor.execute(LocalTask
NodeExecutor.java:42)
	at org.gradle.executio
n.taskgraph.DefaultTask
ExecutionGraph$InvokeNo
deExecutorsAction.execu
te(DefaultTaskExecution
Graph.java:331)
	at org.gradle.executio
n.taskgraph.DefaultTask
ExecutionGraph$InvokeNo
deExecutorsAction.execu
te(DefaultTaskExecution
Graph.java:318)
	at org.gradle.executio
n.taskgraph.DefaultTask
ExecutionGraph$BuildOpe
rationAwareExecutionAct
ion.lambda$execute$0(De
faultTaskExecutionGraph
.java:314)
31 actionable tasks: 1 executed, 30 up-to-date
	at org.gradle.internal
.operations.CurrentBuil
dOperationRef.with(Curr
entBuildOperationRef.ja
va:85)
	at org.gradle.executio
n.taskgraph.DefaultTask
ExecutionGraph$BuildOpe
rationAwareExecutionAct
ion.execute(DefaultTask
ExecutionGraph.java:314
)
	at org.gradle.executio
n.taskgraph.DefaultTask
ExecutionGraph$BuildOpe
rationAwareExecutionAct
ion.execute(DefaultTask
ExecutionGraph.java:303
)
	at org.gradle.executio
n.plan.DefaultPlanExecu
tor$ExecutorWorker.exec
ute(DefaultPlanExecutor
.java:459)
	at org.gradle.executio
n.plan.DefaultPlanExecu
tor$ExecutorWorker.run(
DefaultPlanExecutor.jav
a:376)
	at org.gradle.internal
.concurrent.ExecutorPol
icy$CatchAndRecordFailu
res.onExecute(ExecutorP
olicy.java:64)
	at org.gradle.internal
.concurrent.AbstractMan
agedExecutor$1.run(Abst
ractManagedExecutor.jav
a:48)
Caused by: org.jetbrain
s.kotlin.gradle.tasks.C
ompilationErrorExceptio
n: Compilation error. 
See log for more 
details
	at org.jetbrains.kotli
n.gradle.tasks.TasksUti
lsKt.throwExceptionIfCo
mpilationFailed(tasksUt
ils.kt:21)
	at org.jetbrains.kotli
n.compilerRunner.Gradle
KotlinCompilerWork.run(
GradleKotlinCompilerWor
k.kt:119)
	at org.jetbrains.kotli
n.compilerRunner.Gradle
CompilerRunnerWithWorke
rs$GradleKotlinCompiler
WorkAction.execute(Grad
leCompilerRunnerWithWor
kers.kt:76)
	at org.gradle.workers.
internal.DefaultWorkerS
erver.execute(DefaultWo
rkerServer.java:63)
	at org.gradle.workers.
internal.NoIsolationWor
kerFactory$1$1.create(N
oIsolationWorkerFactory
.java:66)
	at org.gradle.workers.
internal.NoIsolationWor
kerFactory$1$1.create(N
oIsolationWorkerFactory
.java:62)
	at org.gradle.internal
.classloader.ClassLoade
rUtils.executeInClasslo
ader(ClassLoaderUtils.j
ava:100)
	at org.gradle.workers.
internal.NoIsolationWor
kerFactory$1.lambda$exe
cute$0(NoIsolationWorke
rFactory.java:62)
	at org.gradle.workers.
internal.AbstractWorker
$1.call(AbstractWorker.
java:44)
	at org.gradle.workers.
internal.AbstractWorker
$1.call(AbstractWorker.
java:41)
	at org.gradle.internal
.operations.DefaultBuil
dOperationRunner$Callab
leBuildOperationWorker.
execute(DefaultBuildOpe
rationRunner.java:210)
	at org.gradle.internal
.operations.DefaultBuil
dOperationRunner$Callab
leBuildOperationWorker.
execute(DefaultBuildOpe
rationRunner.java:205)
	at org.gradle.internal
.operations.DefaultBuil
dOperationRunner$2.exec
ute(DefaultBuildOperati
onRunner.java:67)
	at org.gradle.internal
.operations.DefaultBuil
dOperationRunner$2.exec
ute(DefaultBuildOperati
onRunner.java:60)
	at org.gradle.internal
.operations.DefaultBuil
dOperationRunner.execut
e(DefaultBuildOperation
Runner.java:167)
	at org.gradle.internal
.operations.DefaultBuil
dOperationRunner.execut
e(DefaultBuildOperation
Runner.java:60)
	at org.gradle.internal
.operations.DefaultBuil
dOperationRunner.call(D
efaultBuildOperationRun
ner.java:54)
	at org.gradle.workers.
internal.AbstractWorker
.executeWrappedInBuildO
peration(AbstractWorker
.java:41)
	at org.gradle.workers.
internal.NoIsolationWor
kerFactory$1.execute(No
IsolationWorkerFactory.
java:59)
	at org.gradle.workers.
internal.DefaultWorkerE
xecutor.lambda$submitWo
rk$0(DefaultWorkerExecu
tor.java:174)
	at org.gradle.internal
.work.DefaultConditiona
lExecutionQueue$Executi
onRunner.runExecution(D
efaultConditionalExecut
ionQueue.java:194)
	at org.gradle.internal
.work.DefaultConditiona
lExecutionQueue$Executi
onRunner.access$700(Def
aultConditionalExecutio
nQueue.java:127)
	at org.gradle.internal
.work.DefaultConditiona
lExecutionQueue$Executi
onRunner$1.run(DefaultC
onditionalExecutionQueu
e.java:169)
	at org.gradle.internal
.Factories$1.create(Fac
tories.java:31)
	at org.gradle.internal
.work.DefaultWorkerLeas
eService.withLocks(Defa
ultWorkerLeaseService.j
ava:263)
	at org.gradle.internal
.work.DefaultWorkerLeas
eService.runAsWorkerThr
ead(DefaultWorkerLeaseS
ervice.java:127)
	at org.gradle.internal
.work.DefaultWorkerLeas
eService.runAsWorkerThr
ead(DefaultWorkerLeaseS
ervice.java:132)
	at org.gradle.internal
.work.DefaultConditiona
lExecutionQueue$Executi
onRunner.runBatch(Defau
ltConditionalExecutionQ
ueue.java:164)
	at org.gradle.internal
.work.DefaultConditiona
lExecutionQueue$Executi
onRunner.run(DefaultCon
ditionalExecutionQueue.
java:133)
	... 2 more


BUILD FAILED in 18s
